[INFO] Scanning for projects...
[INFO] 
[INFO] ---------------------------< com.retail:crm >---------------------------
[INFO] Building crm 0.0.1-SNAPSHOT
[INFO]   from pom.xml
[INFO] --------------------------------[ jar ]---------------------------------
[INFO] 
[INFO] >>> spring-boot:4.0.3:run (default-cli) > test-compile @ crm >>>
[INFO] 
[INFO] --- resources:3.3.1:resources (default-resources) @ crm ---
[INFO] Copying 1 resource from src\main\resources to target\classes
[INFO] Copying 0 resource from src\main\resources to target\classes
[INFO] 
[INFO] --- compiler:3.14.1:compile (default-compile) @ crm ---
[INFO] Nothing to compile - all classes are up to date.
[INFO] 
[INFO] --- resources:3.3.1:testResources (default-testResources) @ crm ---
[INFO] skip non existing resourceDirectory C:\Users\HP\Desktop\loyality tracker\crm\src\test\resources
[INFO] 
[INFO] --- compiler:3.14.1:testCompile (default-testCompile) @ crm ---
[INFO] Nothing to compile - all classes are up to date.
[INFO] 
[INFO] <<< spring-boot:4.0.3:run (default-cli) < test-compile @ crm <<<
[INFO] 
[INFO] 
[INFO] --- spring-boot:4.0.3:run (default-cli) @ crm ---
[INFO] Attaching agents: []

  .   ____          _            __ _ _
 /\\ / ___'_ __ _ _(_)_ __  __ _ \ \ \ \
( ( )\___ | '_ | '_| | '_ \/ _` | \ \ \ \
 \\/  ___)| |_)| | | | | || (_| |  ) ) ) )
  '  |____| .__|_| |_|_| |_\__, | / / / /
 =========|_|==============|___/=/_/_/_/

 :: Spring Boot ::                (v4.0.3)

2026-02-26T16:20:20.362+05:30  INFO 27128 --- [crm] [           main] com.retail.crm.CrmApplication            : Starting CrmApplication using Java 17.0.11 with PID 27128 (C:\Users\HP\Desktop\loyality tracker\crm\target\classes started by HP in C:\Users\HP\Desktop\loyality tracker\crm)
2026-02-26T16:20:20.366+05:30  INFO 27128 --- [crm] [           main] com.retail.crm.CrmApplication            : No active profile set, falling back to 1 default profile: "default"
2026-02-26T16:20:20.880+05:30  INFO 27128 --- [crm] [           main] .s.d.r.c.RepositoryConfigurationDelegate : Bootstrapping Spring Data JPA repositories in DEFAULT mode.
2026-02-26T16:20:20.932+05:30  INFO 27128 --- [crm] [           main] .s.d.r.c.RepositoryConfigurationDelegate : Finished Spring Data repository scanning in 41 ms. Found 2 JPA repository interfaces.
2026-02-26T16:20:21.456+05:30  INFO 27128 --- [crm] [           main] o.s.boot.tomcat.TomcatWebServer          : Tomcat initialized with port 8081 (http)
2026-02-26T16:20:21.466+05:30  INFO 27128 --- [crm] [           main] o.apache.catalina.core.StandardService   : Starting service [Tomcat]
2026-02-26T16:20:21.466+05:30  INFO 27128 --- [crm] [           main] o.apache.catalina.core.StandardEngine    : Starting Servlet engine: [Apache Tomcat/11.0.18]
2026-02-26T16:20:21.507+05:30  INFO 27128 --- [crm] [           main] b.w.c.s.WebApplicationContextInitializer : Root WebApplicationContext: initialization completed in 1083 ms
2026-02-26T16:20:21.662+05:30  INFO 27128 --- [crm] [           main] org.hibernate.orm.jpa                    : HHH008540: Processing PersistenceUnitInfo [name: default]
2026-02-26T16:20:21.716+05:30  INFO 27128 --- [crm] [           main] org.hibernate.orm.core                   : HHH000001: Hibernate ORM core version 7.2.4.Final
2026-02-26T16:20:22.095+05:30  INFO 27128 --- [crm] [           main] o.s.o.j.p.SpringPersistenceUnitInfo      : No LoadTimeWeaver setup: ignoring JPA class transformer
2026-02-26T16:20:22.142+05:30  INFO 27128 --- [crm] [           main] com.zaxxer.hikari.HikariDataSource       : HikariPool-1 - Starting...
2026-02-26T16:20:22.512+05:30  INFO 27128 --- [crm] [           main] com.zaxxer.hikari.pool.HikariPool        : HikariPool-1 - Added connection com.mysql.cj.jdbc.ConnectionImpl@46d148bd
2026-02-26T16:20:22.514+05:30  INFO 27128 --- [crm] [           main] com.zaxxer.hikari.HikariDataSource       : HikariPool-1 - Start completed.
2026-02-26T16:20:22.604+05:30  INFO 27128 --- [crm] [           main] org.hibernate.orm.connections.pooling    : HHH10001005: Database info:
	Database JDBC URL [jdbc:mysql://localhost:3306/loyalty_db]
	Database driver: MySQL Connector/J
	Database dialect: MySQLDialect
	Database version: 8.0.45
	Default catalog/schema: loyalty_db/undefined
	Autocommit mode: undefined/unknown
	Isolation level: REPEATABLE_READ [default REPEATABLE_READ]
	JDBC fetch size: none
	Pool: DataSourceConnectionProvider
	Minimum pool size: undefined/unknown
	Maximum pool size: undefined/unknown
2026-02-26T16:20:23.902+05:30  INFO 27128 --- [crm] [           main] org.hibernate.orm.core                   : HHH000489: No JTA platform available (set 'hibernate.transaction.jta.platform' to enable JTA platform integration)
2026-02-26T16:20:24.008+05:30  INFO 27128 --- [crm] [           main] j.LocalContainerEntityManagerFactoryBean : Initialized JPA EntityManagerFactory for persistence unit 'default'
2026-02-26T16:20:24.132+05:30  INFO 27128 --- [crm] [           main] o.s.d.j.r.query.QueryEnhancerFactories   : Hibernate is in classpath; If applicable, HQL parser will be used.
2026-02-26T16:20:24.579+05:30  WARN 27128 --- [crm] [           main] JpaBaseConfiguration$JpaWebConfiguration : spring.jpa.open-in-view is enabled by default. Therefore, database queries may be performed during view rendering. Explicitly configure spring.jpa.open-in-view to disable this warning
2026-02-26T16:20:25.006+05:30  INFO 27128 --- [crm] [           main] o.s.boot.tomcat.TomcatWebServer          : Tomcat started on port 8081 (http) with context path '/'
2026-02-26T16:20:25.019+05:30  INFO 27128 --- [crm] [           main] com.retail.crm.CrmApplication            : Started CrmApplication in 5.07 seconds (process running for 5.396)
2026-02-26T16:20:25.784+05:30  INFO 27128 --- [crm] [nio-8081-exec-1] o.a.c.c.C.[Tomcat].[localhost].[/]       : Initializing Spring DispatcherServlet 'dispatcherServlet'
2026-02-26T16:20:25.789+05:30  INFO 27128 --- [crm] [nio-8081-exec-1] o.s.web.servlet.DispatcherServlet        : Initializing Servlet 'dispatcherServlet'
2026-02-26T16:20:25.792+05:30  INFO 27128 --- [crm] [nio-8081-exec-1] o.s.web.servlet.DispatcherServlet        : Completed initialization in 2 ms
Hibernate: select c1_0.id,c1_0.created_at,c1_0.name,c1_0.phone from customer c1_0 where c1_0.phone=?
Hibernate: insert into purchase (amount,customer_id,purchase_date) values (?,?,?)
2026-02-26T17:00:08.906+05:30  WARN 27128 --- [crm] [l-1:housekeeper] com.zaxxer.hikari.pool.HikariPool        : HikariPool-1 - Thread starvation or clock leap detected (housekeeper delta=2m15s686ms240탎200ns).
2026-02-26T17:30:58.765+05:30  WARN 27128 --- [crm] [l-1:housekeeper] com.zaxxer.hikari.pool.HikariPool        : HikariPool-1 - Thread starvation or clock leap detected (housekeeper delta=30m57s10ms476탎900ns).
2026-02-26T18:16:02.076+05:30  WARN 27128 --- [crm] [l-1:housekeeper] com.zaxxer.hikari.pool.HikariPool        : HikariPool-1 - Thread starvation or clock leap detected (housekeeper delta=5m2s588ms161탎900ns).
2026-02-26T18:27:03.583+05:30  WARN 27128 --- [crm] [l-1:housekeeper] com.zaxxer.hikari.pool.HikariPool        : HikariPool-1 - Thread starvation or clock leap detected (housekeeper delta=4m1s399ms181탎800ns).
2026-02-26T18:42:43.801+05:30  WARN 27128 --- [crm] [l-1:housekeeper] com.zaxxer.hikari.pool.HikariPool        : HikariPool-1 - Thread starvation or clock leap detected (housekeeper delta=1m39s980ms828탎100ns).
2026-02-26T19:09:56.481+05:30  WARN 27128 --- [crm] [l-1:housekeeper] com.zaxxer.hikari.pool.HikariPool        : HikariPool-1 - Thread starvation or clock leap detected (housekeeper delta=9m12s355ms777탎800ns).
2026-02-26T19:31:43.605+05:30  WARN 27128 --- [crm] [l-1:housekeeper] com.zaxxer.hikari.pool.HikariPool        : HikariPool-1 - Thread starvation or clock leap detected (housekeeper delta=2m46s796ms57탎700ns).
2026-02-26T19:38:55.076+05:30  WARN 27128 --- [crm] [l-1:housekeeper] com.zaxxer.hikari.pool.HikariPool        : HikariPool-1 - Thread starvation or clock leap detected (housekeeper delta=4m11s376ms801탎200ns).
2026-02-26T20:25:56.167+05:30  WARN 27128 --- [crm] [l-1:housekeeper] com.zaxxer.hikari.pool.HikariPool        : HikariPool-1 - Thread starvation or clock leap detected (housekeeper delta=43m966ms947탎).
2026-02-26T21:53:39.889+05:30  WARN 27128 --- [crm] [l-1:housekeeper] com.zaxxer.hikari.pool.HikariPool        : HikariPool-1 - Thread starvation or clock leap detected (housekeeper delta=11m42s506ms619탎700ns).
2026-02-26T22:17:25.915+05:30  WARN 27128 --- [crm] [l-1:housekeeper] com.zaxxer.hikari.pool.HikariPool        : HikariPool-1 - Thread starvation or clock leap detected (housekeeper delta=15m34s361ms85탎600ns).
2026-02-26T22:37:03.028+05:30  WARN 27128 --- [crm] [l-1:housekeeper] com.zaxxer.hikari.pool.HikariPool        : HikariPool-1 - Thread starvation or clock leap detected (housekeeper delta=16m37s2ms694탎900ns).
2026-02-26T22:59:44.029+05:30  WARN 27128 --- [crm] [l-1:housekeeper] com.zaxxer.hikari.pool.HikariPool        : HikariPool-1 - Thread starvation or clock leap detected (housekeeper delta=22m41s843탎900ns).
2026-02-26T23:23:28.577+05:30  WARN 27128 --- [crm] [l-1:housekeeper] com.zaxxer.hikari.pool.HikariPool        : HikariPool-1 - Thread starvation or clock leap detected (housekeeper delta=11m44s323ms370탎).
2026-02-26T23:43:38.679+05:30  WARN 27128 --- [crm] [l-1:housekeeper] com.zaxxer.hikari.pool.HikariPool        : HikariPool-1 - Thread starvation or clock leap detected (housekeeper delta=20m10s101ms580탎100ns).
